// Jest Snapshot v1, https://goo.gl/fbAQLP

exports[`Test DeviceConfigurationComponentDetails should load expected component 1`] = `
<app-device-configuration-details
  alert={[Function Object]}
  configurationForm={[Function FormGroup]}
  configurationListForm={[Function FormGroup]}
  deviceConfigService={[Function Object]}
  errors={[Function Array]}
  fb={[Function FormBuilder]}
  gainsightService={[Function GainsightService]}
  isLoading={[Function Boolean]}
  isSaveEnabled="false"
  router={[Function Router]}
>
  <div
    class="card card--fullpage"
  >
    <c8y-title>
    </c8y-title>
    <div
      class="card-header hidden-xs separator"
    >
      <div
        class="form-group m-0 col-sm-3"
      >
        <label
          for="className"
        >
        </label>
      </div>
      <div
        class="form-group m-0 col-sm-3"
      >
        <label
          for="className"
        >
        </label>
      </div>
      <div
        class="form-group m-0 col-sm-3"
      >
        <label
          for="className"
        >
        </label>
      </div>
      <div
        class="form-group m-0 col-sm-3"
      >
        <label
          for="className"
        >
        </label>
      </div>
    </div>
    <div
      class="inner-scroll"
    >
      <div
        class="card-block"
      >
        <div>
        </div>
      </div>
    </div>
    <div
      class="card-footer separator"
    >
      <button
        class="btn btn-default"
        type="button"
      >
        <span>
        </span>
      </button>
      <button
        class="btn btn-default"
        type="button"
      >
        <span>
        </span>
      </button>
      <button
        class="btn btn-primary"
        type="button"
      >
        <span>
        </span>
      </button>
    </div>
  </div>
</app-device-configuration-details>
`;
